 %% PLEASE DO NOT MODIFY OR DELETE THIS FILE! %% 
 %% This file contains information about the installation of an application. %% 
 %% It will be used to automatically remove all application components from your computer if you choose to do so. %% 


NOTE: Beginning of the bootstrapper section

CONFIG: Title: "Microprocessor 8085 Simulator Software Kit 1.0"

ACTION: RegKey: "HKEY_LOCAL_MACHINE\SOFTWARE\Microsoft\Windows\CurrentVersion", "SharedDLLs"

ACTION: SystemFile: "C:\Windows\System32\VB6STKIT.DLL"
(File was not found or was an older version -- new file copied)

ACTION: SystemFile: "C:\Windows\System32\COMCAT.DLL"
(File currently on disk was already up to date)

ACTION: SystemFile: "C:\Windows\System32\asycfilt.dll"
(File currently on disk was already up to date)

ACTION: SystemFile: "C:\Windows\System32\olepro32.dll"
(File currently on disk was already up to date)

ACTION: SystemFile: "C:\Windows\System32\oleaut32.dll"
(File currently on disk was already up to date)

ACTION: SystemFile: "C:\Windows\System32\stdole2.tlb"
(File currently on disk was already up to date)

ACTION: SystemFile: "C:\Windows\System32\msvbvm60.dll"
(File currently on disk was already up to date)

ACTION: DllSelfRegister: "C:\WINDOWS\SYSTEM32\COMCAT.DLL"

ACTION: DllSelfRegister: "C:\WINDOWS\SYSTEM32\olepro32.dll"

ACTION: DllSelfRegister: "C:\WINDOWS\SYSTEM32\oleaut32.dll"

ACTION: TLBRegister: "C:\WINDOWS\SYSTEM32\stdole2.tlb"

ACTION: DllSelfRegister: "C:\WINDOWS\SYSTEM32\msvbvm60.dll"

NOTE: End of the bootstrapper section

NOTE: Now spawning the main Setup program 'Setup1.exe'....

ACTION: CreateDir: "C:\Users\Lenovo\AppData\Roaming\Microsoft\Windows\Start Menu\Programs\Microprocessor 8085 Simulator Software Kit 1.0"

ACTION: PrivateFile: "e:\11Sample.mpc"
(File was not found or was an older version -- new file copied)

ACTION: PrivateFile: "e:\10Sample.mpc"
(File was not found or was an older version -- new file copied)

ACTION: PrivateFile: "e:\09Sample.mpc"
(File was not found or was an older version -- new file copied)

ACTION: PrivateFile: "e:\08Sample.mpc"
(File was not found or was an older version -- new file copied)

ACTION: PrivateFile: "e:\07Sample.mpc"
(File was not found or was an older version -- new file copied)

ACTION: PrivateFile: "e:\06Sample.mpc"
(File was not found or was an older version -- new file copied)

ACTION: PrivateFile: "e:\05Sample.mpc"
(File was not found or was an older version -- new file copied)

ACTION: PrivateFile: "e:\03Sample.mpc"
(File was not found or was an older version -- new file copied)

ACTION: PrivateFile: "e:\02Sample.mpc"
(File was not found or was an older version -- new file copied)

ACTION: PrivateFile: "e:\01Sample.mpc"
(File was not found or was an older version -- new file copied)

ACTION: SharedFile: "C:\WINDOWS\system32\PICCLP32.OCX"
(File was not found or was an older version -- new file copied)

ACTION: SharedFile: "C:\WINDOWS\system32\COMCT332.OCX"
(File was not found or was an older version -- new file copied)

ACTION: SharedFile: "C:\WINDOWS\system32\COMDLG32.OCX"
(File was not found or was an older version -- new file copied)

ACTION: SharedFile: "C:\WINDOWS\system32\MSCOMCTL.OCX"
(File was not found or was an older version -- new file copied)

ACTION: SharedFile: "C:\WINDOWS\system32\MSMASK32.OCX"
(File was not found or was an older version -- new file copied)

ACTION: SharedFile: "C:\WINDOWS\system32\MSFLXGRD.OCX"
(File was not found or was an older version -- new file copied)

NOTE: The file 'RICHED32.DLL' was not copied because it is intended for use under Windows 95 only.  It is not needed under Windows NT 3.51 or 4.0.

ACTION: SharedFile: "C:\WINDOWS\system32\RICHTX32.OCX"
(File was not found or was an older version -- new file copied)

ACTION: SharedFile: "C:\WINDOWS\system32\iscript.dll"
(File was not found or was an older version -- new file copied)

ACTION: SharedFile: "C:\WINDOWS\system32\MSSTDFMT.DLL"
(File was not found or was an older version -- new file copied)

ACTION: SharedFile: "C:\WINDOWS\system32\MSDBRPTR.DLL"
(File was not found or was an older version -- new file copied)

ACTION: SharedFile: "C:\WINDOWS\system32\scrobj.dll"
(File currently on disk was already up to date)

ACTION: PrivateFile: "e:\MP8085.exe"
(File was not found or was an older version -- new file copied)

ACTION: DllSelfRegister: "C:\WINDOWS\system32\PICCLP32.OCX"

ACTION: DllSelfRegister: "C:\WINDOWS\system32\COMCT332.OCX"

ACTION: DllSelfRegister: "C:\WINDOWS\system32\COMDLG32.OCX"

ACTION: DllSelfRegister: "C:\WINDOWS\system32\MSCOMCTL.OCX"

ACTION: DllSelfRegister: "C:\WINDOWS\system32\MSMASK32.OCX"

ACTION: DllSelfRegister: "C:\WINDOWS\system32\MSFLXGRD.OCX"

ACTION: DllSelfRegister: "C:\WINDOWS\system32\RICHTX32.OCX"

ACTION: DllSelfRegister: "C:\WINDOWS\system32\MSSTDFMT.DLL"

ACTION: DllSelfRegister: "C:\WINDOWS\system32\MSDBRPTR.DLL"

ACTION: DllSelfRegister: "C:\WINDOWS\system32\scrobj.dll"

ACTION: ShellLink: "Microprocessor 8085 Simulator Software Kit 1.0", "Microprocessor 8085 Simulator Software Kit 1.0"

ACTION: RegKey: "HKEY_LOCAL_MACHINE\SOFTWARE\Microsoft\Windows\CurrentVersion", "App Paths\MP8085.exe"

ACTION: RegValue: "HKEY_LOCAL_MACHINE\SOFTWARE\Microsoft\Windows\CurrentVersion\App Paths\MP8085.exe", ""

